// Bun Snapshot v1, https://bun.sh/docs/test/snapshots

exports[`Tier 2: Scoring Engine T2.07 - SLOTS structure snapshot 1`] = `
{
  "backend": [
    "stack.backend",
    "stack.api_type",
    "stack.runtime",
    "stack.database",
    "stack.connection",
  ],
  "frontend": [
    "stack.frontend",
    "stack.css_framework",
    "stack.ui_library",
    "stack.state_management",
  ],
  "human": [
    "human_context.who",
    "human_context.what",
    "human_context.why",
    "human_context.where",
    "human_context.when",
    "human_context.how",
  ],
  "project": [
    "project.name",
    "project.goal",
    "project.main_language",
  ],
  "universal": [
    "stack.hosting",
    "stack.build",
    "stack.cicd",
  ],
}
`;
